// Jest Snapshot v1, https://goo.gl/fbAQLP

exports[`matches snapshot 1`] = `
<DocumentFragment>
  <div
    class="App"
  >
    <nav
      style="display: flex; flex-flow: row; justify-content: space-evenly; align-content: center;"
    >
      <p>
        <a
          aria-current="page"
          class="active"
          href="/dogs"
        >
          Home
        </a>
      </p>
      <p>
        <a
          href="/dogs/whiskey"
        >
          Whiskey
        </a>
      </p>
      <p>
        <a
          href="/dogs/duke"
        >
          Duke
        </a>
      </p>
      <p>
        <a
          href="/dogs/perry"
        >
          Perry
        </a>
      </p>
      <p>
        <a
          href="/dogs/tubby"
        >
          Tubby
        </a>
      </p>
    </nav>
    <div
      class="container"
    >
      <div
        align="center"
        class="container"
      >
        <h1>
          Dog List
        </h1>
        <div
          style="display: flex; flex-flow: row; justify-content: space-evenly; align-content: center;"
        >
          <div>
            <h3>
              <a
                href="/dogs/whiskey"
              >
                Whiskey
              </a>
            </h3>
            <img
              alt="Whiskey"
              height="300"
              src="whiskey.jpg"
              width="300"
            />
          </div>
          <div>
            <h3>
              <a
                href="/dogs/duke"
              >
                Duke
              </a>
            </h3>
            <img
              alt="Duke"
              height="300"
              src="duke.jpg"
              width="300"
            />
          </div>
          <div>
            <h3>
              <a
                href="/dogs/perry"
              >
                Perry
              </a>
            </h3>
            <img
              alt="Perry"
              height="300"
              src="perry.jpg"
              width="300"
            />
          </div>
          <div>
            <h3>
              <a
                href="/dogs/tubby"
              >
                Tubby
              </a>
            </h3>
            <img
              alt="Tubby"
              height="300"
              src="tubby.jpg"
              width="300"
            />
          </div>
        </div>
      </div>
    </div>
  </div>
</DocumentFragment>
`;
